17:45:18 **** Incremental Build of configuration Debug for project rc_drive ****
make -j4 all 
arm-none-eabi-gcc "../Src/main.c" -mcpu=cortex-m4 -std=gnu11 -g3 -DUSE_HAL_DRIVER -DDEBUG -DSTM32F407xx -c -I../Inc -I../Drivers/CMSIS/Include -I../Drivers/STM32F4xx_HAL_Driver/Inc -I../Drivers/CMSIS/Device/ST/STM32F4xx/Include -I../Drivers/STM32F4xx_HAL_Driver/Inc/Legacy -O0 -ffunction-sections -fdata-sections -Wall -fstack-usage -MMD -MP -MF"Src/main.d" -MT"Src/main.o" --specs=nano.specs -mfpu=fpv4-sp-d16 -mfloat-abi=hard -mthumb -o "Src/main.o"
arm-none-eabi-gcc -o "rc_drive.elf" @"objects.list"   -mcpu=cortex-m4 -T"C:\Users\Tobiasz\Desktop\PTM - projekt\git_project\P47\rc_drive\STM32F407VGTX_FLASH.ld" --specs=nosys.specs -Wl,-Map="rc_drive.map" -Wl,--gc-sections -static --specs=nano.specs -mfpu=fpv4-sp-d16 -mfloat-abi=hard -mthumb -Wl,--start-group -lc -lm -Wl,--end-group
Finished building target: rc_drive.elf
 
arm-none-eabi-objdump -h -S  rc_drive.elf  > "rc_drive.list"
arm-none-eabi-size   rc_drive.elf 
   text	   data	    bss	    dec	    hex	filename
  10324	     20	   1636	  11980	   2ecc	rc_drive.elf
Finished building: default.size.stdout
 
Finished building: rc_drive.list
 

17:45:25 Build Finished. 0 errors, 0 warnings. (took 6s.692ms)

